{"v":4,"t":[{"t":4,"f":[{"t":7,"e":"div","m":[{"n":"id","f":"test","t":13}]}],"n":50,"r":"test"},{"t":4,"n":51,"f":["no test div"],"l":1},{"t":4,"f":[{"t":7,"e":"li","f":[{"t":2,"r":"."}]}],"n":52,"r":"test"}]}